
  # Done                                                  
                                                          
  Fixed it by adding a mutex.                             
                                                          
  • item one                                              
  • item two                                              
